// Jest Snapshot v1, https://goo.gl/fbAQLP

exports[`Card component Правильное отображение компонента 1`] = `
<View
  style={
    {
      "backgroundColor": "#FFF",
      "borderRadius": 14,
      "elevation": 14,
      "margin": 8,
      "marginBottom": 24,
      "shadowColor": "#74858C",
      "shadowOffset": {
        "height": 7,
        "width": 0,
      },
      "shadowOpacity": 0.41,
      "shadowRadius": 9.11,
    }
  }
>
  <View
    style={
      {
        "height": 100,
        "width": "100%",
      }
    }
  >
    <Image
      resizeMode="cover"
      source="https://example.com/image.png"
      style={
        {
          "borderTopLeftRadius": 14,
          "borderTopRightRadius": 14,
          "height": "100%",
          "width": "100%",
        }
      }
    />
  </View>
  <View
    style={
      {
        "flexDirection": "row",
        "justifyContent": "space-between",
        "marginTop": -24,
        "paddingHorizontal": 14,
        "width": "100%",
      }
    }
  >
    <View
      style={
        {
          "flexDirection": "row",
        }
      }
    >
      <Image
        resizeMode="contain"
        source={
          {
            "testUri": "../../../assets/images/person02.png",
          }
        }
        style={
          {
            "height": 48,
            "marginLeft": 0,
            "width": 48,
          }
        }
      />
      <Image
        resizeMode="contain"
        source={
          {
            "testUri": "../../../assets/images/person03.png",
          }
        }
        style={
          {
            "height": 48,
            "marginLeft": -14,
            "width": 48,
          }
        }
      />
    </View>
    <View
      style={
        {
          "alignItems": "center",
          "backgroundColor": "#FFF",
          "borderRadius": 14,
          "elevation": 1,
          "justifyContent": "center",
          "maxWidth": "50%",
          "paddingHorizontal": 14,
          "paddingVertical": 8,
          "shadowColor": "#74858C",
          "shadowOffset": {
            "height": 1,
            "width": 0,
          },
          "shadowOpacity": 0.22,
          "shadowRadius": 2.22,
        }
      }
    >
      <Text
        style={
          {
            "color": "#003153",
            "fontFamily": "InterRegular",
            "fontSize": 12,
          }
        }
      >
        Читать
      </Text>
      <Text
        style={
          {
            "color": "#003153",
            "fontFamily": "InterSemiBold",
            "fontSize": 16,
          }
        }
      >
        1 минута
      </Text>
    </View>
  </View>
  <View
    style={
      {
        "padding": 14,
        "width": "100%",
      }
    }
  >
    <View>
      <Text
        style={
          {
            "color": "#003153",
            "fontFamily": "InterSemiBold",
            "fontSize": 18,
          }
        }
      >
        Стоимость разработки мобильного приложения
      </Text>
      <Text
        style={
          {
            "color": "#003153",
            "fontFamily": "InterRegular",
            "fontSize": 12,
          }
        }
      >
        Писатель: 
        Команда «Иностудио»
      </Text>
    </View>
    <View
      style={
        {
          "alignItems": "center",
          "flexDirection": "row",
          "justifyContent": "flex-end",
          "marginTop": 14,
        }
      }
    >
      <View
        accessibilityState={
          {
            "busy": undefined,
            "checked": undefined,
            "disabled": undefined,
            "expanded": undefined,
            "selected": undefined,
          }
        }
        accessibilityValue={
          {
            "max": undefined,
            "min": undefined,
            "now": undefined,
            "text": undefined,
          }
        }
        accessible={true}
        collapsable={false}
        focusable={true}
        onClick={[Function]}
        onResponderGrant={[Function]}
        onResponderMove={[Function]}
        onResponderRelease={[Function]}
        onResponderTerminate={[Function]}
        onResponderTerminationRequest={[Function]}
        onStartShouldSetResponder={[Function]}
        style={
          {
            "backgroundColor": "#003153",
            "borderRadius": 24,
            "minWidth": 120,
            "opacity": 1,
            "padding": 12,
          }
        }
      >
        <Text
          style={
            {
              "color": "#FFF",
              "fontFamily": "InterSemiBold",
              "fontSize": 14,
              "textAlign": "center",
            }
          }
        >
          Перейти
        </Text>
      </View>
    </View>
  </View>
</View>
`;
